// Jest Snapshot v1, https://goo.gl/fbAQLP

exports[`Component Address Book - test Address Book - snapshot 1`] = `
<RCTSafeAreaView
  style={
    {
      "alignItems": "stretch",
      "backgroundColor": "#011401",
      "display": "flex",
      "height": "100%",
      "justifyContent": "flex-start",
    }
  }
>
  <RCTScrollView
    contentContainerStyle={
      {
        "alignItems": "stretch",
        "flexDirection": "column",
        "justifyContent": "flex-start",
      }
    }
    keyboardShouldPersistTaps="handled"
    onScroll={[Function]}
    scrollEventThrottle={100}
    style={
      {
        "maxHeight": "85%",
      }
    }
    testID="addressbook.scroll-view"
  >
    <View>
      <View
        style={
          {
            "alignItems": "center",
            "display": "flex",
            "height": 150,
            "justifyContent": "flex-start",
            "marginTop": 30,
          }
        }
      >
        <Text
          style={
            {
              "color": "#18bd18",
              "opacity": 0.65,
            }
          }
        >
          text translated
        </Text>
      </View>
    </View>
  </RCTScrollView>
  <View
    style={
      {
        "alignItems": "center",
        "flexDirection": "row",
        "flexGrow": 1,
        "justifyContent": "center",
        "marginVertical": 5,
      }
    }
  >
    <View
      accessibilityState={
        {
          "busy": undefined,
          "checked": undefined,
          "disabled": undefined,
          "expanded": undefined,
          "selected": undefined,
        }
      }
      accessibilityValue={
        {
          "max": undefined,
          "min": undefined,
          "now": undefined,
          "text": undefined,
        }
      }
      accessible={true}
      collapsable={false}
      focusable={true}
      onClick={[Function]}
      onResponderGrant={[Function]}
      onResponderMove={[Function]}
      onResponderRelease={[Function]}
      onResponderTerminate={[Function]}
      onResponderTerminationRequest={[Function]}
      onStartShouldSetResponder={[Function]}
      style={
        {
          "alignItems": "center",
          "backgroundColor": "#18bd18",
          "borderColor": "#c3c3c3",
          "borderRadius": 10,
          "borderWidth": 2,
          "justifyContent": "center",
          "maxWidth": "90%",
          "minHeight": 48,
          "minWidth": "30%",
          "opacity": 1,
          "padding": 0,
          "paddingLeft": 20,
          "paddingRight": 20,
        }
      }
      testID="addressbook.button.new"
    >
      <View
        style={
          {
            "alignItems": "center",
            "display": "flex",
            "flexDirection": "row",
            "justifyContent": "center",
            "margin": 0,
            "minHeight": 48,
            "minWidth": 48,
            "padding": 0,
          }
        }
      >
        <Text
          style={
            {
              "color": "#011401",
              "fontSize": 16,
              "fontWeight": "bold",
              "textAlign": "center",
              "textTransform": "uppercase",
            }
          }
        >
          text translated
        </Text>
      </View>
    </View>
    <View
      accessibilityState={
        {
          "busy": undefined,
          "checked": undefined,
          "disabled": undefined,
          "expanded": undefined,
          "selected": undefined,
        }
      }
      accessibilityValue={
        {
          "max": undefined,
          "min": undefined,
          "now": undefined,
          "text": undefined,
        }
      }
      accessible={true}
      collapsable={false}
      focusable={true}
      onClick={[Function]}
      onResponderGrant={[Function]}
      onResponderMove={[Function]}
      onResponderRelease={[Function]}
      onResponderTerminate={[Function]}
      onResponderTerminationRequest={[Function]}
      onStartShouldSetResponder={[Function]}
      style={
        {
          "alignItems": "center",
          "backgroundColor": "#011401",
          "borderColor": "#18bd18",
          "borderRadius": 10,
          "borderWidth": 2,
          "justifyContent": "center",
          "marginLeft": 10,
          "maxWidth": "90%",
          "minHeight": 48,
          "minWidth": "30%",
          "opacity": 1,
          "padding": 0,
          "paddingLeft": 20,
          "paddingRight": 20,
        }
      }
    >
      <View
        style={
          {
            "alignItems": "center",
            "display": "flex",
            "flexDirection": "row",
            "justifyContent": "center",
            "margin": 0,
            "minHeight": 48,
            "minWidth": 48,
            "padding": 0,
          }
        }
      >
        <Text
          style={
            {
              "color": "#18bd18",
              "fontSize": 16,
              "fontWeight": "bold",
              "textAlign": "center",
              "textTransform": "uppercase",
            }
          }
        >
          text translated
        </Text>
      </View>
    </View>
  </View>
</RCTSafeAreaView>
`;
