// Jest Snapshot v1, https://goo.gl/fbAQLP

exports[`Component CircularProgress - test CircularProgress - snapshot 1`] = `
<View
  style={
    Object {
      "margin": 10,
    }
  }
>
  <RNSVGSvgView
    bbHeight="100"
    bbWidth="100"
    focusable={false}
    height={100}
    style={
      Array [
        Object {
          "backgroundColor": "transparent",
          "borderWidth": 0,
        },
        Object {
          "flex": 0,
          "height": 100,
          "width": 100,
        },
      ]
    }
    width={100}
  >
    <RNSVGGroup
      fill={
        Object {
          "payload": 4278190080,
          "type": 0,
        }
      }
    >
      <RNSVGCircle
        cx="50"
        cy="50"
        fill={null}
        propList={
          Array [
            "fill",
            "stroke",
            "strokeWidth",
          ]
        }
        r="47.5"
        stroke={
          Object {
            "payload": 4294967295,
            "type": 0,
          }
        }
        strokeWidth="5"
      />
      <RNSVGCircle
        cx="50"
        cy="50"
        fill={null}
        matrix={
          Array [
            6.123233995736766e-17,
            -1,
            1,
            6.123233995736766e-17,
            0,
            100,
          ]
        }
        propList={
          Array [
            "fill",
            "stroke",
            "strokeWidth",
            "strokeDasharray",
            "strokeDashoffset",
            "strokeLinecap",
          ]
        }
        r="47.5"
        stroke={
          Object {
            "payload": 4278221567,
            "type": 0,
          }
        }
        strokeDasharray={
          Array [
            "298.45130209103036",
            "298.45130209103036",
          ]
        }
        strokeDashoffset={149.22565104551518}
        strokeLinecap={1}
        strokeWidth="5"
      />
      <RNSVGText
        content={null}
        dx={Array []}
        dy={Array []}
        fill={
          Object {
            "payload": 4280032286,
            "type": 0,
          }
        }
        font={
          Object {
            "fontSize": "20",
            "textAnchor": "middle",
          }
        }
        propList={
          Array [
            "fill",
          ]
        }
        rotate={Array []}
        x={
          Array [
            "50",
          ]
        }
        y={
          Array [
            "59",
          ]
        }
      >
        <RNSVGTSpan
          content="50%"
          dx={Array []}
          dy={Array []}
          fill={
            Object {
              "payload": 4278190080,
              "type": 0,
            }
          }
          font={Object {}}
          rotate={Array []}
          x={Array []}
          y={Array []}
        />
      </RNSVGText>
    </RNSVGGroup>
  </RNSVGSvgView>
</View>
`;
