// Jest Snapshot v1, https://goo.gl/fbAQLP

exports[`Component Info - test Info - snapshot 1`] = `
<RCTSafeAreaView
  style={
    {
      "alignItems": "stretch",
      "backgroundColor": "rgb(242, 242, 242)",
      "display": "flex",
      "height": "100%",
      "justifyContent": "flex-start",
    }
  }
>
  <View
    style={
      {
        "alignItems": "center",
        "backgroundColor": "rgb(255, 255, 255)",
        "display": "flex",
        "paddingBottom": 0,
        "paddingTop": 10,
        "zIndex": -1,
      }
    }
    testID="header"
  >
    <View
      style={
        {
          "alignItems": "center",
          "display": "flex",
          "flexDirection": "row",
          "flexWrap": "wrap",
          "height": 40,
          "justifyContent": "center",
          "marginHorizontal": 5,
          "marginTop": 12,
        }
      }
    />
    <View
      style={
        {
          "height": 20,
        }
      }
    />
    <View
      style={
        {
          "alignItems": "center",
          "display": "flex",
          "flexDirection": "column",
          "flexWrap": "wrap",
          "justifyContent": "center",
        }
      }
    >
      <Text
        style={
          {
            "color": "rgb(28, 28, 30)",
            "fontSize": 18,
            "fontWeight": "600",
            "opacity": 1,
            "paddingHorizontal": 5,
          }
        }
      >
        translated text
      </Text>
    </View>
    <View
      style={
        {
          "alignItems": "flex-start",
          "left": 0,
          "padding": 11.5,
          "position": "absolute",
        }
      }
    >
      <View
        style={
          {
            "alignItems": "center",
            "flexDirection": "row",
          }
        }
      />
    </View>
    <View
      style={
        {
          "alignItems": "flex-end",
          "padding": 15,
          "position": "absolute",
          "right": 0,
        }
      }
    >
      <Image
        source={
          {
            "testUri": "../../../assets/img/logobig-zingo.png",
          }
        }
        style={
          {
            "borderRadius": 10,
            "height": 38,
            "resizeMode": "contain",
            "width": 38,
          }
        }
      />
    </View>
    <View
      style={
        {
          "backgroundColor": "rgb(0, 122, 255)",
          "height": 1,
          "width": "100%",
        }
      }
    />
  </View>
  <RCTScrollView
    contentContainerStyle={
      {
        "alignItems": "stretch",
        "flexDirection": "column",
        "justifyContent": "flex-start",
      }
    }
    style={
      {
        "maxHeight": "85%",
      }
    }
  >
    <View>
      <View
        style={
          {
            "display": "flex",
            "margin": 20,
            "marginBottom": 30,
          }
        }
      >
        <View
          style={
            {
              "display": "flex",
              "marginTop": 20,
            }
          }
        >
          <Text
            style={
              {
                "color": "rgb(28, 28, 30)",
                "opacity": 0.65,
              }
            }
          >
            translated text
          </Text>
          <View
            style={
              {
                "width": 10,
              }
            }
          />
          <Text
            style={
              {
                "color": "rgb(28, 28, 30)",
                "fontSize": 18,
                "fontWeight": "600",
                "opacity": 1,
              }
            }
          >
            translated text translated text
          </Text>
        </View>
        <View
          style={
            {
              "display": "flex",
              "marginTop": 20,
            }
          }
        >
          <Text
            style={
              {
                "color": "rgb(28, 28, 30)",
                "opacity": 0.65,
              }
            }
          >
            translated text
          </Text>
          <View
            style={
              {
                "width": 10,
              }
            }
          />
          <Text
            style={
              {
                "color": "rgb(28, 28, 30)",
                "fontSize": 18,
                "fontWeight": "600",
                "opacity": 1,
              }
            }
          >
            mob-release...
          </Text>
        </View>
        <View
          style={
            {
              "display": "flex",
              "marginTop": 20,
            }
          }
        >
          <Text
            style={
              {
                "color": "rgb(28, 28, 30)",
                "opacity": 0.65,
              }
            }
          >
            translated text
          </Text>
          <View
            style={
              {
                "width": 10,
              }
            }
          />
          <Text
            style={
              {
                "color": "rgb(28, 28, 30)",
                "fontSize": 18,
                "fontWeight": "600",
                "opacity": 1,
              }
            }
          >
            3.3.3.0
          </Text>
        </View>
        <View
          style={
            {
              "display": "flex",
              "marginTop": 20,
            }
          }
        >
          <Text
            style={
              {
                "color": "rgb(28, 28, 30)",
                "opacity": 0.65,
              }
            }
          >
            translated text
          </Text>
          <View
            style={
              {
                "width": 10,
              }
            }
          />
          <Text
            style={
              {
                "color": "rgb(28, 28, 30)",
                "fontSize": 18,
                "fontWeight": "600",
                "opacity": 1,
              }
            }
          >
            https://zcash.es
          </Text>
        </View>
        <View
          style={
            {
              "display": "flex",
              "marginTop": 20,
            }
          }
        >
          <Text
            style={
              {
                "color": "rgb(28, 28, 30)",
                "opacity": 0.65,
              }
            }
          >
            translated text
          </Text>
          <View
            style={
              {
                "width": 10,
              }
            }
          />
          <Text
            style={
              {
                "color": "rgb(28, 28, 30)",
                "fontSize": 18,
                "fontWeight": "600",
                "opacity": 1,
              }
            }
          >
            Mainnet
          </Text>
        </View>
        <View
          style={
            {
              "display": "flex",
              "marginTop": 20,
            }
          }
        >
          <Text
            style={
              {
                "color": "rgb(28, 28, 30)",
                "opacity": 0.65,
              }
            }
          >
            translated text
          </Text>
          <View
            style={
              {
                "width": 10,
              }
            }
          />
          <Text
            style={
              {
                "color": "rgb(28, 28, 30)",
                "fontSize": 18,
                "fontWeight": "600",
                "opacity": 1,
              }
            }
          >
            2000100
          </Text>
        </View>
      </View>
    </View>
  </RCTScrollView>
  <View
    style={
      {
        "alignItems": "center",
        "flexDirection": "row",
        "flexGrow": 1,
        "justifyContent": "center",
        "marginVertical": 5,
      }
    }
  >
    <View
      accessibilityState={
        {
          "busy": undefined,
          "checked": undefined,
          "disabled": undefined,
          "expanded": undefined,
          "selected": undefined,
        }
      }
      accessibilityValue={
        {
          "max": undefined,
          "min": undefined,
          "now": undefined,
          "text": undefined,
        }
      }
      accessible={true}
      collapsable={false}
      focusable={true}
      onClick={[Function]}
      onResponderGrant={[Function]}
      onResponderMove={[Function]}
      onResponderRelease={[Function]}
      onResponderTerminate={[Function]}
      onResponderTerminationRequest={[Function]}
      onStartShouldSetResponder={[Function]}
      style={
        {
          "alignItems": "center",
          "backgroundColor": "rgb(242, 242, 242)",
          "borderColor": "rgb(0, 122, 255)",
          "borderRadius": 10,
          "borderWidth": 2,
          "justifyContent": "center",
          "maxWidth": "90%",
          "minHeight": 48,
          "minWidth": "30%",
          "opacity": 1,
          "padding": 0,
          "paddingLeft": 20,
          "paddingRight": 20,
        }
      }
    >
      <View
        style={
          {
            "alignItems": "center",
            "display": "flex",
            "flexDirection": "row",
            "justifyContent": "center",
            "margin": 0,
            "minHeight": 48,
            "minWidth": 48,
            "padding": 0,
          }
        }
      >
        <Text
          style={
            {
              "color": "rgb(0, 122, 255)",
              "fontSize": 16,
              "fontWeight": "bold",
              "textAlign": "center",
              "textTransform": "uppercase",
            }
          }
        >
          translated text
        </Text>
      </View>
    </View>
  </View>
</RCTSafeAreaView>
`;
