// Jest Snapshot v1, https://goo.gl/fbAQLP

exports[`Component Insight - test Insight - snapshot 1`] = `
<RCTSafeAreaView
  style={
    Object {
      "alignItems": "stretch",
      "backgroundColor": "rgb(242, 242, 242)",
      "display": "flex",
      "height": "100%",
      "justifyContent": "flex-start",
    }
  }
>
  <View
    style={
      Object {
        "alignItems": "center",
        "backgroundColor": "rgb(255, 255, 255)",
        "display": "flex",
        "paddingBottom": 0,
        "paddingTop": 10,
        "zIndex": -1,
      }
    }
    testID="header"
  >
    <View
      style={
        Object {
          "alignItems": "center",
          "display": "flex",
          "flexDirection": "row",
          "flexWrap": "wrap",
          "height": 40,
          "justifyContent": "center",
          "marginHorizontal": 5,
          "marginTop": 12,
        }
      }
    />
    <View
      style={
        Object {
          "height": 20,
        }
      }
    />
    <View
      style={
        Object {
          "alignItems": "center",
          "display": "flex",
          "flexDirection": "column",
          "flexWrap": "wrap",
          "justifyContent": "center",
        }
      }
    >
      <Text
        style={
          Object {
            "color": "rgb(28, 28, 30)",
            "fontSize": 18,
            "fontWeight": "600",
            "opacity": 1,
            "paddingHorizontal": 5,
          }
        }
      >
        text translated
      </Text>
    </View>
    <View
      style={
        Object {
          "alignItems": "flex-start",
          "left": 0,
          "padding": 11.5,
          "position": "absolute",
        }
      }
    >
      <View
        style={
          Object {
            "alignItems": "center",
            "flexDirection": "row",
          }
        }
      />
    </View>
    <View
      style={
        Object {
          "alignItems": "flex-end",
          "padding": 15,
          "position": "absolute",
          "right": 0,
        }
      }
    >
      <Image
        source={
          Object {
            "testUri": "../../../assets/img/logobig-zingo.png",
          }
        }
        style={
          Object {
            "borderRadius": 10,
            "height": 38,
            "resizeMode": "contain",
            "width": 38,
          }
        }
      />
    </View>
    <View
      style={
        Object {
          "backgroundColor": "rgb(0, 122, 255)",
          "height": 1,
          "width": "100%",
        }
      }
    />
  </View>
  <View
    style={
      Object {
        "flexDirection": "row",
        "marginTop": 10,
        "width": "100%",
      }
    }
  >
    <View
      accessible={true}
      collapsable={false}
      focusable={true}
      onClick={[Function]}
      onResponderGrant={[Function]}
      onResponderMove={[Function]}
      onResponderRelease={[Function]}
      onResponderTerminate={[Function]}
      onResponderTerminationRequest={[Function]}
      onStartShouldSetResponder={[Function]}
      style={
        Object {
          "opacity": 1,
        }
      }
    >
      <View
        style={
          Object {
            "alignItems": "center",
            "borderBottomColor": "rgb(0, 122, 255)",
            "borderBottomWidth": 2,
            "paddingBottom": 10,
            "width": 243.33333333333334,
          }
        }
      >
        <Text
          style={
            Object {
              "color": "rgb(28, 28, 30)",
              "fontSize": 15,
              "fontWeight": "bold",
              "opacity": 1,
            }
          }
        >
          text translated
        </Text>
        <Text
          style={
            Object {
              "color": "rgb(0, 122, 255)",
              "fontSize": 11,
              "fontWeight": "600",
              "opacity": 1,
            }
          }
        >
          (
          text translated
          )
        </Text>
      </View>
    </View>
    <View
      accessible={true}
      collapsable={false}
      focusable={true}
      onClick={[Function]}
      onResponderGrant={[Function]}
      onResponderMove={[Function]}
      onResponderRelease={[Function]}
      onResponderTerminate={[Function]}
      onResponderTerminationRequest={[Function]}
      onStartShouldSetResponder={[Function]}
      style={
        Object {
          "opacity": 1,
        }
      }
    >
      <View
        style={
          Object {
            "alignItems": "center",
            "borderBottomColor": "rgb(0, 122, 255)",
            "borderBottomWidth": 0,
            "paddingBottom": 10,
            "width": 243.33333333333334,
          }
        }
      >
        <Text
          style={
            Object {
              "color": "rgb(28, 28, 30)",
              "fontSize": 14,
              "fontWeight": "normal",
              "opacity": 1,
            }
          }
        >
          text translated
        </Text>
        <Text
          style={
            Object {
              "color": "rgb(28, 28, 30)",
              "fontSize": 11,
              "fontWeight": "600",
              "opacity": 1,
            }
          }
        >
          (
          text translated
          )
        </Text>
      </View>
    </View>
    <View
      accessible={true}
      collapsable={false}
      focusable={true}
      onClick={[Function]}
      onResponderGrant={[Function]}
      onResponderMove={[Function]}
      onResponderRelease={[Function]}
      onResponderTerminate={[Function]}
      onResponderTerminationRequest={[Function]}
      onStartShouldSetResponder={[Function]}
      style={
        Object {
          "opacity": 1,
        }
      }
    >
      <View
        style={
          Object {
            "alignItems": "center",
            "borderBottomColor": "rgb(0, 122, 255)",
            "borderBottomWidth": 0,
            "paddingBottom": 10,
            "width": 243.33333333333334,
          }
        }
      >
        <Text
          style={
            Object {
              "color": "rgb(28, 28, 30)",
              "fontSize": 14,
              "fontWeight": "normal",
              "opacity": 1,
            }
          }
        >
          text translated
        </Text>
        <Text
          style={
            Object {
              "color": "rgb(28, 28, 30)",
              "fontSize": 11,
              "fontWeight": "600",
              "opacity": 1,
            }
          }
        >
          (
          text translated
          )
        </Text>
      </View>
    </View>
  </View>
  <RCTScrollView
    contentContainerStyle={Object {}}
    indicatorStyle="white"
    persistentScrollbar={true}
    showsVerticalScrollIndicator={true}
    style={
      Object {
        "maxHeight": "85%",
      }
    }
  >
    <View>
      <View
        style={
          Object {
            "display": "flex",
            "margin": 20,
          }
        }
      >
        <ActivityIndicator
          color="rgb(0, 122, 255)"
          size="large"
          style={
            Object {
              "marginTop": 100,
            }
          }
        />
      </View>
      <View
        style={
          Object {
            "alignItems": "center",
            "display": "flex",
            "marginHorizontal": 5,
            "padding": 0,
          }
        }
      >
        <View
          style={
            Object {
              "width": "100%",
            }
          }
        />
      </View>
    </View>
  </RCTScrollView>
  <View
    style={
      Object {
        "alignItems": "center",
        "flexDirection": "row",
        "flexGrow": 1,
        "justifyContent": "center",
        "marginVertical": 5,
      }
    }
  >
    <View
      accessible={true}
      collapsable={false}
      focusable={true}
      onClick={[Function]}
      onResponderGrant={[Function]}
      onResponderMove={[Function]}
      onResponderRelease={[Function]}
      onResponderTerminate={[Function]}
      onResponderTerminationRequest={[Function]}
      onStartShouldSetResponder={[Function]}
      style={
        Object {
          "alignItems": "center",
          "backgroundColor": "rgb(242, 242, 242)",
          "borderColor": "rgb(0, 122, 255)",
          "borderRadius": 10,
          "borderWidth": 2,
          "justifyContent": "center",
          "maxWidth": "90%",
          "minHeight": 48,
          "minWidth": "30%",
          "opacity": 1,
          "padding": 0,
          "paddingLeft": 20,
          "paddingRight": 20,
        }
      }
    >
      <View
        style={
          Object {
            "alignItems": "center",
            "display": "flex",
            "flexDirection": "row",
            "justifyContent": "center",
            "margin": 0,
            "minHeight": 48,
            "minWidth": 48,
            "padding": 0,
          }
        }
      >
        <Text
          style={
            Object {
              "color": "rgb(0, 122, 255)",
              "fontSize": 16,
              "fontWeight": "bold",
              "textAlign": "center",
              "textTransform": "uppercase",
            }
          }
        >
          text translated
        </Text>
      </View>
    </View>
  </View>
</RCTSafeAreaView>
`;
