// Jest Snapshot v1, https://goo.gl/fbAQLP

exports[`Component Receive - test Receive Landscape - snapshot 1`] = `
<View
  style={
    {
      "flexDirection": "row",
      "height": "100%",
    }
  }
>
  <View
    accessibilityLabel="text translated"
    accessible={true}
    style={
      {
        "display": "flex",
        "justifyContent": "flex-start",
        "width": "50%",
      }
    }
  >
    <View
      style={
        {
          "backgroundColor": "rgb(255, 255, 255)",
          "padding": 10,
          "position": "absolute",
          "zIndex": 100,
        }
      }
    >
      <View
        accessibilityLabel="text translated"
        accessible={true}
        collapsable={false}
        focusable={true}
        onClick={[Function]}
        onResponderGrant={[Function]}
        onResponderMove={[Function]}
        onResponderRelease={[Function]}
        onResponderTerminate={[Function]}
        onResponderTerminationRequest={[Function]}
        onStartShouldSetResponder={[Function]}
        style={
          {
            "opacity": 1,
          }
        }
      >
        <
          color="rgb(216, 216, 216)"
          icon={
            {
              "icon": [
                448,
                512,
                [
                  "navicon",
                ],
                "f0c9",
                "M0 96C0 78.3 14.3 64 32 64H416c17.7 0 32 14.3 32 32s-14.3 32-32 32H32C14.3 128 0 113.7 0 96zM0 256c0-17.7 14.3-32 32-32H416c17.7 0 32 14.3 32 32s-14.3 32-32 32H32c-17.7 0-32-14.3-32-32zM448 416c0 17.7-14.3 32-32 32H32c-17.7 0-32-14.3-32-32s14.3-32 32-32H416c17.7 0 32 14.3 32 32z",
              ],
              "iconName": "bars",
              "prefix": "fas",
            }
          }
          size={36}
        />
      </View>
    </View>
    <View
      style={
        {
          "alignItems": "center",
          "backgroundColor": "rgb(255, 255, 255)",
          "display": "flex",
          "padding": 10,
        }
      }
    >
      <Image
        source={
          {
            "testUri": "../../../assets/img/logobig-zingo.png",
          }
        }
        style={
          {
            "height": 80,
            "resizeMode": "contain",
            "width": 80,
          }
        }
      />
      <View
        style={
          {
            "alignItems": "center",
            "flexDirection": "column",
          }
        }
      >
        <View
          style={
            {
              "alignItems": "baseline",
              "flexDirection": "row",
              "opacity": 0.5,
            }
          }
        >
          <Text
            style={
              {
                "color": undefined,
                "fontSize": 36,
              }
            }
          >
            á™‡
          </Text>
          <Text
            style={
              {
                "color": undefined,
                "fontSize": 36,
                "fontWeight": "700",
              }
            }
          >
             1.1234
          </Text>
          <Text
            style={
              {
                "color": undefined,
                "fontSize": 18,
                "paddingBottom": 0,
              }
            }
          >
            5678
          </Text>
          <Text
            style={
              {
                "color": undefined,
                "fontSize": 36,
              }
            }
          >
             ZEC
          </Text>
        </View>
      </View>
      <View
        style={
          {
            "backgroundColor": "rgb(0, 122, 255)",
            "height": 1,
            "marginTop": 5,
            "width": "100%",
          }
        }
      />
      <View
        style={
          {
            "alignItems": "center",
            "display": "flex",
            "flexDirection": "row",
            "flexWrap": "wrap",
            "justifyContent": "center",
            "marginVertical": 5,
          }
        }
      >
        <View
          style={
            {
              "alignItems": "center",
              "display": "flex",
              "flexDirection": "column",
              "flexWrap": "wrap",
              "justifyContent": "center",
            }
          }
        >
          <Text
            style={
              {
                "color": "rgb(28, 28, 30)",
                "fontSize": 18,
                "fontWeight": "600",
                "opacity": 1,
                "paddingHorizontal": 5,
              }
            }
          >
            text translated
          </Text>
        </View>
        <View
          style={
            {
              "alignItems": "center",
              "borderColor": "rgb(0, 122, 255)",
              "borderRadius": 10,
              "borderWidth": 1,
              "justifyContent": "center",
              "margin": 0,
              "minHeight": 20,
              "minWidth": 20,
              "padding": 1,
            }
          }
        >
          <View
            accessible={true}
            collapsable={false}
            focusable={true}
            onClick={[Function]}
            onResponderGrant={[Function]}
            onResponderMove={[Function]}
            onResponderRelease={[Function]}
            onResponderTerminate={[Function]}
            onResponderTerminationRequest={[Function]}
            onStartShouldSetResponder={[Function]}
            style={
              {
                "opacity": 1,
              }
            }
          >
            <
              icon={
                {
                  "icon": [
                    384,
                    512,
                    [
                      9209,
                    ],
                    "f04d",
                    "M0 128C0 92.7 28.7 64 64 64H320c35.3 0 64 28.7 64 64V384c0 35.3-28.7 64-64 64H64c-35.3 0-64-28.7-64-64V128z",
                  ],
                  "iconName": "stop",
                  "prefix": "fas",
                }
              }
              size={12}
            />
          </View>
        </View>
      </View>
      <View
        style={
          {
            "backgroundColor": "rgb(0, 122, 255)",
            "height": 1,
            "width": "100%",
          }
        }
      />
    </View>
    <View
      style={
        {
          "backgroundColor": "rgb(255, 255, 255)",
          "padding": 10,
          "position": "absolute",
          "right": 0,
        }
      }
    />
  </View>
  <View
    style={
      {
        "alignItems": "center",
        "borderLeftColor": "rgb(216, 216, 216)",
        "borderLeftWidth": 1,
        "height": "100%",
        "padding": 10,
        "width": "50%",
      }
    }
  >
    <
      navigationState={
        {
          "index": 0,
          "routes": [
            {
              "key": "uaddr",
              "title": "text translated",
            },
          ],
        }
      }
      onIndexChange={[Function]}
      renderScene={[Function]}
      renderTabBar={[Function]}
    />
  </View>
</View>
`;
