// Jest Snapshot v1, https://goo.gl/fbAQLP

exports[`Component Send - test Send - snapshot 1`] = `
<View
  accessibilityLabel="text translated"
  accessible={true}
  style={
    {
      "display": "flex",
      "height": "100%",
      "justifyContent": "flex-start",
      "marginBottom": 200,
      "width": "100%",
    }
  }
>
  <Modal
    animationType="slide"
    hardwareAccelerated={false}
    onRequestClose={[Function]}
    transparent={false}
    visible={false}
  />
  <Modal
    animationType="slide"
    hardwareAccelerated={false}
    onRequestClose={[Function]}
    transparent={false}
    visible={false}
  />
  <RCTScrollView
    contentContainerStyle={{}}
    keyboardShouldPersistTaps="handled"
    testID="send.scrollView"
  >
    <View>
      <View
        style={
          {
            "marginBottom": 30,
          }
        }
      >
        <View
          style={
            {
              "display": "flex",
              "marginTop": 10,
              "padding": 10,
            }
          }
        >
          <View
            style={
              {
                "display": "flex",
                "flexDirection": "row",
                "justifyContent": "space-between",
              }
            }
          >
            <Text
              style={
                {
                  "color": "#c3c3c3",
                  "fontSize": 18,
                  "fontWeight": "600",
                  "opacity": 1,
                }
              }
            >
              text translated
            </Text>
          </View>
          <View
            style={
              {
                "borderColor": "#c3c3c3",
                "borderRadius": 5,
                "borderWidth": 1,
                "flex": 1,
                "marginTop": 5,
              }
            }
          >
            <View
              style={
                {
                  "flexDirection": "row",
                }
              }
            >
              <View
                accessibilityLabel="text translated"
                accessible={true}
                style={
                  {
                    "flex": 1,
                    "justifyContent": "center",
                  }
                }
              >
                <TextInput
                  editable={true}
                  onChangeText={[Function]}
                  placeholder="text translated"
                  placeholderTextColor="#888888"
                  style={
                    {
                      "color": "#c3c3c3",
                      "fontSize": 16,
                      "fontWeight": "600",
                      "marginLeft": 5,
                    }
                  }
                  testID="send.addressplaceholder"
                  value="UA-12345678901234567890"
                />
              </View>
              <View
                style={
                  {
                    "width": 58,
                  }
                }
              >
                <View
                  accessibilityLabel="text translated"
                  accessible={true}
                  collapsable={false}
                  focusable={true}
                  onClick={[Function]}
                  onResponderGrant={[Function]}
                  onResponderMove={[Function]}
                  onResponderRelease={[Function]}
                  onResponderTerminate={[Function]}
                  onResponderTerminationRequest={[Function]}
                  onStartShouldSetResponder={[Function]}
                  style={
                    {
                      "opacity": 1,
                    }
                  }
                  testID="send.scan-button"
                >
                  <
                    color="#ffffff"
                    icon={
                      {
                        "icon": [
                          448,
                          512,
                          [],
                          "f029",
                          "M48 32C21.5 32 0 53.5 0 80v96c0 26.5 21.5 48 48 48h96c26.5 0 48-21.5 48-48V80c0-26.5-21.5-48-48-48H48zm80 64v64H64V96h64zM48 288c-26.5 0-48 21.5-48 48v96c0 26.5 21.5 48 48 48h96c26.5 0 48-21.5 48-48V336c0-26.5-21.5-48-48-48H48zm80 64v64H64V352h64zM256 80v96c0 26.5 21.5 48 48 48h96c26.5 0 48-21.5 48-48V80c0-26.5-21.5-48-48-48H304c-26.5 0-48 21.5-48 48zm64 16h64v64H320V96zm32 352v32h32V448H352zm96 0H416v32h32V448zM416 288v32H352V288H256v96 96h64V384h32v32h96V352 320 288H416z",
                        ],
                        "iconName": "qrcode",
                        "prefix": "fas",
                      }
                    }
                    size={48}
                    style={
                      {
                        "margin": 5,
                      }
                    }
                  />
                </View>
              </View>
            </View>
          </View>
          <View
            style={
              {
                "display": "flex",
                "flexDirection": "row",
                "justifyContent": "space-between",
                "marginTop": 10,
              }
            }
          >
            <View
              style={
                {
                  "flexDirection": "row",
                  "justifyContent": "flex-end",
                  "minHeight": 48,
                  "minWidth": 48,
                }
              }
            >
              <View
                style={
                  {
                    "alignItems": "center",
                    "borderRadius": 10,
                    "justifyContent": "flex-end",
                    "margin": 0,
                    "minHeight": 48,
                    "minWidth": 48,
                    "padding": 0,
                    "paddingBottom": 3,
                  }
                }
              >
                <Text
                  style={
                    {
                      "color": "#c3c3c3",
                      "opacity": 0.65,
                    }
                  }
                >
                  text translated
                </Text>
              </View>
            </View>
            <Text
              style={
                {
                  "color": "#18bd18",
                }
              }
            >
              text translated
            </Text>
          </View>
          <View
            style={
              {
                "display": "flex",
                "flexDirection": "row",
                "justifyContent": "space-between",
              }
            }
          >
            <View
              style={
                {
                  "display": "flex",
                  "flexDirection": "column",
                  "justifyContent": "flex-start",
                  "width": "60%",
                }
              }
            >
              <View
                style={
                  {
                    "display": "flex",
                    "flexDirection": "row",
                    "justifyContent": "flex-start",
                  }
                }
              >
                <Text
                  style={
                    {
                      "color": "#c3c3c3",
                      "fontSize": 20,
                      "fontWeight": "600",
                      "marginRight": 5,
                      "marginTop": 20,
                      "opacity": 1,
                    }
                  }
                >
                  á™‡
                </Text>
                <View
                  accessibilityLabel="text translated"
                  accessible={true}
                  style={
                    {
                      "borderColor": "#c3c3c3",
                      "borderRadius": 5,
                      "borderWidth": 1,
                      "flexGrow": 1,
                      "marginTop": 5,
                      "minHeight": 48,
                      "minWidth": 48,
                      "width": "75%",
                    }
                  }
                >
                  <TextInput
                    editable={true}
                    keyboardType="numeric"
                    maxLength={20}
                    onChangeText={[Function]}
                    onEndEditing={[Function]}
                    placeholder="#.########"
                    placeholderTextColor="#888888"
                    style={
                      {
                        "color": "#c3c3c3",
                        "fontSize": 18,
                        "fontWeight": "600",
                        "marginLeft": 5,
                        "minHeight": 48,
                        "minWidth": 48,
                      }
                    }
                    testID="send.amount"
                    value="1.12345678"
                  />
                </View>
                <Text
                  style={
                    {
                      "color": "#c3c3c3",
                      "fontSize": 18,
                      "fontWeight": "600",
                      "marginLeft": 5,
                      "marginRight": 10,
                      "marginTop": 19,
                      "opacity": 1,
                    }
                  }
                >
                  ZEC
                </Text>
              </View>
              <View
                style={
                  {
                    "display": "flex",
                    "flexDirection": "column",
                  }
                }
              >
                <View
                  style={
                    {
                      "alignItems": "center",
                      "display": "flex",
                      "flexDirection": "row",
                      "justifyContent": "flex-start",
                      "marginTop": 10,
                    }
                  }
                >
                  <Text
                    style={
                      {
                        "color": "#c3c3c3",
                        "fontSize": 14,
                        "fontWeight": "600",
                        "opacity": 1,
                      }
                    }
                  >
                    text translated
                  </Text>
                  <View
                    style={
                      {
                        "alignItems": "baseline",
                        "flexDirection": "row",
                      }
                    }
                  >
                    <Text
                      style={
                        {
                          "color": "red",
                          "fontSize": 15,
                        }
                      }
                    >
                      á™‡
                    </Text>
                    <Text
                      style={
                        {
                          "color": "red",
                          "fontSize": 15,
                          "fontWeight": "700",
                        }
                      }
                    >
                       0.0000
                    </Text>
                    <Text
                      style={
                        {
                          "color": "red",
                          "fontSize": 7.5,
                          "paddingBottom": 0,
                        }
                      }
                    >
                      0000
                    </Text>
                    <Text
                      style={
                        {
                          "color": "red",
                          "fontSize": 15,
                        }
                      }
                    >
                       ZEC
                    </Text>
                  </View>
                </View>
                <View
                  accessible={true}
                  collapsable={false}
                  focusable={true}
                  onClick={[Function]}
                  onResponderGrant={[Function]}
                  onResponderMove={[Function]}
                  onResponderRelease={[Function]}
                  onResponderTerminate={[Function]}
                  onResponderTerminationRequest={[Function]}
                  onStartShouldSetResponder={[Function]}
                  style={
                    {
                      "opacity": 1,
                    }
                  }
                >
                  <View
                    style={
                      {
                        "backgroundColor": "#011401",
                        "borderRadius": 10,
                        "display": "flex",
                        "flexDirection": "row",
                        "marginTop": 5,
                        "padding": 5,
                      }
                    }
                  >
                    <
                      color="#18bd18"
                      icon={
                        {
                          "icon": [
                            192,
                            512,
                            [],
                            "f129",
                            "M144 80c0 26.5-21.5 48-48 48s-48-21.5-48-48s21.5-48 48-48s48 21.5 48 48zM0 224c0-17.7 14.3-32 32-32H96c17.7 0 32 14.3 32 32V448h32c17.7 0 32 14.3 32 32s-14.3 32-32 32H32c-17.7 0-32-14.3-32-32s14.3-32 32-32H64V256H32c-17.7 0-32-14.3-32-32z",
                          ],
                          "iconName": "info",
                          "prefix": "fas",
                        }
                      }
                      size={14}
                    />
                    <Text
                      style={
                        {
                          "color": "#c3c3c3",
                          "opacity": 0.65,
                        }
                      }
                    >
                      text translated
                    </Text>
                  </View>
                </View>
              </View>
            </View>
            <View
              style={
                {
                  "display": "flex",
                  "flexDirection": "column",
                  "justifyContent": "flex-start",
                  "width": "35%",
                }
              }
            >
              <View
                style={
                  {
                    "display": "flex",
                    "flexDirection": "row",
                    "justifyContent": "flex-start",
                  }
                }
              >
                <Text
                  style={
                    {
                      "color": "#c3c3c3",
                      "fontSize": 18,
                      "fontWeight": "600",
                      "marginRight": 5,
                      "marginTop": 15,
                      "opacity": 1,
                    }
                  }
                >
                  $
                </Text>
                <View
                  accessibilityLabel="text translated"
                  accessible={true}
                  style={
                    {
                      "borderColor": "#c3c3c3",
                      "borderRadius": 5,
                      "borderWidth": 1,
                      "flexGrow": 1,
                      "marginTop": 5,
                      "minHeight": 48,
                      "minWidth": 48,
                      "width": "55%",
                    }
                  }
                >
                  <TextInput
                    editable={true}
                    keyboardType="numeric"
                    maxLength={15}
                    onChangeText={[Function]}
                    onEndEditing={[Function]}
                    placeholder="#.##"
                    placeholderTextColor="#888888"
                    style={
                      {
                        "color": "#c3c3c3",
                        "fontSize": 18,
                        "fontWeight": "600",
                        "marginLeft": 5,
                        "minHeight": 48,
                        "minWidth": 48,
                      }
                    }
                    value="50.22"
                  />
                </View>
                <Text
                  style={
                    {
                      "color": "#c3c3c3",
                      "fontSize": 18,
                      "fontWeight": "600",
                      "marginLeft": 5,
                      "marginTop": 15,
                      "opacity": 1,
                    }
                  }
                >
                  USD
                </Text>
              </View>
              <View
                style={
                  {
                    "alignItems": "center",
                    "flexDirection": "column",
                  }
                }
              >
                <View
                  style={
                    {
                      "alignItems": "baseline",
                      "flexDirection": "row",
                    }
                  }
                >
                  <Text
                    style={
                      {
                        "color": "#ffffff",
                        "fontSize": 13,
                        "marginTop": 10,
                      }
                    }
                  >
                    $
                  </Text>
                  <Text
                    style={
                      {
                        "color": "#ffffff",
                        "fontSize": 13,
                        "fontWeight": "700",
                        "marginTop": 10,
                      }
                    }
                  >
                     0.00
                  </Text>
                  <Text
                    style={
                      {
                        "color": "#ffffff",
                        "fontSize": 13,
                        "marginTop": 10,
                      }
                    }
                  >
                     USD
                  </Text>
                </View>
                <View
                  style={
                    {
                      "marginLeft": 5,
                    }
                  }
                >
                  <View
                    accessible={true}
                    collapsable={false}
                    focusable={true}
                    onClick={[Function]}
                    onResponderGrant={[Function]}
                    onResponderMove={[Function]}
                    onResponderRelease={[Function]}
                    onResponderTerminate={[Function]}
                    onResponderTerminationRequest={[Function]}
                    onStartShouldSetResponder={[Function]}
                    style={
                      {
                        "opacity": 1,
                      }
                    }
                  >
                    <View
                      style={
                        {
                          "alignItems": "center",
                          "backgroundColor": "#011401",
                          "borderRadius": 10,
                          "flexDirection": "row",
                          "justifyContent": "center",
                          "margin": 0,
                          "minHeight": 40,
                          "minWidth": 40,
                          "padding": 5,
                        }
                      }
                    >
                      <
                        color="#18bd18"
                        icon={
                          {
                            "icon": [
                              512,
                              512,
                              [
                                128472,
                                "refresh",
                                "sync",
                              ],
                              "f021",
                              "M105.1 202.6c7.7-21.8 20.2-42.3 37.8-59.8c62.5-62.5 163.8-62.5 226.3 0L386.3 160H336c-17.7 0-32 14.3-32 32s14.3 32 32 32H463.5c0 0 0 0 0 0h.4c17.7 0 32-14.3 32-32V64c0-17.7-14.3-32-32-32s-32 14.3-32 32v51.2L414.4 97.6c-87.5-87.5-229.3-87.5-316.8 0C73.2 122 55.6 150.7 44.8 181.4c-5.9 16.7 2.9 34.9 19.5 40.8s34.9-2.9 40.8-19.5zM39 289.3c-5 1.5-9.8 4.2-13.7 8.2c-4 4-6.7 8.8-8.1 14c-.3 1.2-.6 2.5-.8 3.8c-.3 1.7-.4 3.4-.4 5.1V448c0 17.7 14.3 32 32 32s32-14.3 32-32V396.9l17.6 17.5 0 0c87.5 87.4 229.3 87.4 316.7 0c24.4-24.4 42.1-53.1 52.9-83.7c5.9-16.7-2.9-34.9-19.5-40.8s-34.9 2.9-40.8 19.5c-7.7 21.8-20.2 42.3-37.8 59.8c-62.5 62.5-163.8 62.5-226.3 0l-.1-.1L125.6 352H176c17.7 0 32-14.3 32-32s-14.3-32-32-32H48.4c-1.6 0-3.2 .1-4.8 .3s-3.1 .5-4.6 1z",
                            ],
                            "iconName": "arrows-rotate",
                            "prefix": "fas",
                          }
                        }
                        size={20}
                      />
                    </View>
                  </View>
                </View>
              </View>
            </View>
          </View>
        </View>
        <View
          style={
            {
              "alignItems": "center",
              "flexDirection": "row",
              "flexGrow": 1,
              "justifyContent": "center",
              "marginVertical": 5,
            }
          }
        >
          <View
            accessibilityLabel="title text translated"
            accessible={true}
            collapsable={false}
            focusable={true}
            onClick={[Function]}
            onResponderGrant={[Function]}
            onResponderMove={[Function]}
            onResponderRelease={[Function]}
            onResponderTerminate={[Function]}
            onResponderTerminationRequest={[Function]}
            onStartShouldSetResponder={[Function]}
            style={
              {
                "alignItems": "center",
                "backgroundColor": "rgba(90, 140, 90, 1)",
                "borderColor": "#18bd18",
                "borderRadius": 10,
                "borderWidth": 2,
                "justifyContent": "center",
                "maxWidth": "90%",
                "minHeight": 48,
                "minWidth": "30%",
                "opacity": 1,
                "padding": 0,
                "paddingLeft": 20,
                "paddingRight": 20,
              }
            }
            testID="send.button"
          >
            <View
              style={
                {
                  "alignItems": "center",
                  "display": "flex",
                  "flexDirection": "row",
                  "justifyContent": "center",
                  "margin": 0,
                  "minHeight": 48,
                  "minWidth": 48,
                  "padding": 0,
                }
              }
            >
              <Text
                style={
                  {
                    "color": "#011401",
                    "fontSize": 16,
                    "fontWeight": "bold",
                    "textTransform": "uppercase",
                  }
                }
              >
                text translated
              </Text>
            </View>
          </View>
          <View
            accessible={true}
            collapsable={false}
            focusable={true}
            onClick={[Function]}
            onResponderGrant={[Function]}
            onResponderMove={[Function]}
            onResponderRelease={[Function]}
            onResponderTerminate={[Function]}
            onResponderTerminationRequest={[Function]}
            onStartShouldSetResponder={[Function]}
            style={
              {
                "alignItems": "center",
                "borderColor": "#18bd18",
                "borderRadius": 10,
                "borderWidth": 2,
                "justifyContent": "center",
                "marginLeft": 10,
                "maxWidth": "90%",
                "minHeight": 48,
                "minWidth": "30%",
                "opacity": 1,
                "padding": 0,
                "paddingLeft": 20,
                "paddingRight": 20,
              }
            }
          >
            <View
              style={
                {
                  "alignItems": "center",
                  "display": "flex",
                  "flexDirection": "row",
                  "justifyContent": "center",
                  "margin": 0,
                  "minHeight": 48,
                  "minWidth": 48,
                  "padding": 0,
                }
              }
            >
              <Text
                style={
                  {
                    "color": "#18bd18",
                    "fontSize": 16,
                    "fontWeight": "bold",
                    "textTransform": "uppercase",
                  }
                }
              >
                text translated
              </Text>
            </View>
          </View>
        </View>
      </View>
    </View>
  </RCTScrollView>
</View>
`;
