// Jest Snapshot v1, https://goo.gl/fbAQLP

exports[`Component Settings - test Settings - snapshot 1`] = `
<RCTSafeAreaView
  style={
    Object {
      "alignItems": "stretch",
      "backgroundColor": "rgb(242, 242, 242)",
      "display": "flex",
      "height": "100%",
      "justifyContent": "flex-start",
    }
  }
>
  <RCTScrollView
    contentContainerStyle={
      Object {
        "alignItems": "stretch",
        "flexDirection": "column",
        "justifyContent": "flex-start",
      }
    }
    keyboardShouldPersistTaps="handled"
    style={
      Object {
        "maxHeight": "85%",
      }
    }
    testID="settings.scroll-view"
  >
    <View>
      <View
        style={
          Object {
            "display": "flex",
            "margin": 10,
          }
        }
      >
        <Text
          style={
            Object {
              "color": "rgb(28, 28, 30)",
              "fontSize": 18,
              "fontWeight": "bold",
              "opacity": 0.87,
            }
          }
        >
          text translated
        </Text>
      </View>
      <View
        style={
          Object {
            "display": "flex",
            "marginLeft": 25,
          }
        }
      />
      <View
        style={
          Object {
            "display": "flex",
            "margin": 10,
          }
        }
      >
        <Text
          style={
            Object {
              "color": "rgb(28, 28, 30)",
              "fontSize": 18,
              "fontWeight": "bold",
              "opacity": 0.87,
            }
          }
        >
          text translated
        </Text>
      </View>
      <View
        style={
          Object {
            "display": "flex",
            "marginLeft": 25,
          }
        }
      >
        <View>
          <View
            accessible={true}
            collapsable={false}
            focusable={true}
            onClick={[Function]}
            onResponderGrant={[Function]}
            onResponderMove={[Function]}
            onResponderRelease={[Function]}
            onResponderTerminate={[Function]}
            onResponderTerminationRequest={[Function]}
            onStartShouldSetResponder={[Function]}
            style={
              Object {
                "marginBottom": 5,
                "marginRight": 10,
                "maxHeight": 50,
                "minHeight": 48,
                "opacity": 1,
              }
            }
            testID="settings.currency-"
          >
            <View
              style={
                Object {
                  "alignItems": "center",
                  "display": "flex",
                  "flexDirection": "row",
                  "marginTop": 10,
                }
              }
            >
              <
                color="rgb(216, 216, 216)"
                icon={
                  Object {
                    "icon": Array [
                      512,
                      512,
                      Array [
                        128308,
                        128309,
                        128992,
                        128993,
                        128994,
                        128995,
                        128996,
                        9679,
                        9898,
                        9899,
                        11044,
                        61708,
                        61915,
                      ],
                      "f111",
                      "M464 256A208 208 0 1 0 48 256a208 208 0 1 0 416 0zM0 256a256 256 0 1 1 512 0A256 256 0 1 1 0 256z",
                    ],
                    "iconName": "circle",
                    "prefix": "far",
                  }
                }
                size={20}
              />
              <Text
                style={
                  Object {
                    "color": "rgb(28, 28, 30)",
                    "fontSize": 18,
                    "fontWeight": "600",
                    "marginLeft": 10,
                    "opacity": 1,
                  }
                }
              >
                text translated
              </Text>
            </View>
          </View>
          <Text
            style={
              Object {
                "color": "rgb(28, 28, 30)",
                "opacity": 0.65,
              }
            }
          >
            text no currency
          </Text>
        </View>
        <View>
          <View
            accessible={true}
            collapsable={false}
            focusable={true}
            onClick={[Function]}
            onResponderGrant={[Function]}
            onResponderMove={[Function]}
            onResponderRelease={[Function]}
            onResponderTerminate={[Function]}
            onResponderTerminationRequest={[Function]}
            onStartShouldSetResponder={[Function]}
            style={
              Object {
                "marginBottom": 5,
                "marginRight": 10,
                "maxHeight": 50,
                "minHeight": 48,
                "opacity": 1,
              }
            }
            testID="settings.currency-USD"
          >
            <View
              style={
                Object {
                  "alignItems": "center",
                  "display": "flex",
                  "flexDirection": "row",
                  "marginTop": 10,
                }
              }
            >
              <
                color="rgb(216, 216, 216)"
                icon={
                  Object {
                    "icon": Array [
                      512,
                      512,
                      Array [
                        128280,
                        "dot-circle",
                      ],
                      "f192",
                      "M256 512A256 256 0 1 0 256 0a256 256 0 1 0 0 512zm0-352a96 96 0 1 1 0 192 96 96 0 1 1 0-192z",
                    ],
                    "iconName": "circle-dot",
                    "prefix": "fas",
                  }
                }
                size={20}
              />
              <Text
                style={
                  Object {
                    "color": "rgb(28, 28, 30)",
                    "fontSize": 18,
                    "fontWeight": "600",
                    "marginLeft": 10,
                    "opacity": 1,
                  }
                }
              >
                text translated
              </Text>
            </View>
          </View>
          <Text
            style={
              Object {
                "color": "rgb(28, 28, 30)",
                "opacity": 0.65,
              }
            }
          >
            text USD
          </Text>
        </View>
      </View>
      <View
        style={
          Object {
            "display": "flex",
            "margin": 10,
          }
        }
      >
        <Text
          style={
            Object {
              "color": "rgb(28, 28, 30)",
              "fontSize": 18,
              "fontWeight": "bold",
              "opacity": 0.87,
            }
          }
        >
          text translated
        </Text>
      </View>
      <View
        style={
          Object {
            "display": "flex",
            "marginLeft": 25,
          }
        }
      >
        <View>
          <View
            accessible={true}
            collapsable={false}
            focusable={true}
            onClick={[Function]}
            onResponderGrant={[Function]}
            onResponderMove={[Function]}
            onResponderRelease={[Function]}
            onResponderTerminate={[Function]}
            onResponderTerminationRequest={[Function]}
            onStartShouldSetResponder={[Function]}
            style={
              Object {
                "marginBottom": 5,
                "marginRight": 10,
                "maxHeight": 50,
                "minHeight": 48,
                "opacity": 1,
              }
            }
            testID="settings.language-en"
          >
            <View
              style={
                Object {
                  "alignItems": "center",
                  "display": "flex",
                  "flexDirection": "row",
                  "marginTop": 10,
                }
              }
            >
              <
                color="rgb(216, 216, 216)"
                icon={
                  Object {
                    "icon": Array [
                      512,
                      512,
                      Array [
                        128280,
                        "dot-circle",
                      ],
                      "f192",
                      "M256 512A256 256 0 1 0 256 0a256 256 0 1 0 0 512zm0-352a96 96 0 1 1 0 192 96 96 0 1 1 0-192z",
                    ],
                    "iconName": "circle-dot",
                    "prefix": "fas",
                  }
                }
                size={20}
              />
              <Text
                style={
                  Object {
                    "color": "rgb(28, 28, 30)",
                    "fontSize": 18,
                    "fontWeight": "600",
                    "marginLeft": 10,
                    "opacity": 1,
                  }
                }
              >
                text translated
              </Text>
            </View>
          </View>
          <Text
            style={
              Object {
                "color": "rgb(28, 28, 30)",
                "opacity": 0.65,
              }
            }
          >
            text en
          </Text>
        </View>
        <View>
          <View
            accessible={true}
            collapsable={false}
            focusable={true}
            onClick={[Function]}
            onResponderGrant={[Function]}
            onResponderMove={[Function]}
            onResponderRelease={[Function]}
            onResponderTerminate={[Function]}
            onResponderTerminationRequest={[Function]}
            onStartShouldSetResponder={[Function]}
            style={
              Object {
                "marginBottom": 5,
                "marginRight": 10,
                "maxHeight": 50,
                "minHeight": 48,
                "opacity": 1,
              }
            }
            testID="settings.language-es"
          >
            <View
              style={
                Object {
                  "alignItems": "center",
                  "display": "flex",
                  "flexDirection": "row",
                  "marginTop": 10,
                }
              }
            >
              <
                color="rgb(216, 216, 216)"
                icon={
                  Object {
                    "icon": Array [
                      512,
                      512,
                      Array [
                        128308,
                        128309,
                        128992,
                        128993,
                        128994,
                        128995,
                        128996,
                        9679,
                        9898,
                        9899,
                        11044,
                        61708,
                        61915,
                      ],
                      "f111",
                      "M464 256A208 208 0 1 0 48 256a208 208 0 1 0 416 0zM0 256a256 256 0 1 1 512 0A256 256 0 1 1 0 256z",
                    ],
                    "iconName": "circle",
                    "prefix": "far",
                  }
                }
                size={20}
              />
              <Text
                style={
                  Object {
                    "color": "rgb(28, 28, 30)",
                    "fontSize": 18,
                    "fontWeight": "600",
                    "marginLeft": 10,
                    "opacity": 1,
                  }
                }
              >
                text translated
              </Text>
            </View>
          </View>
          <Text
            style={
              Object {
                "color": "rgb(28, 28, 30)",
                "opacity": 0.65,
              }
            }
          >
            text es
          </Text>
        </View>
      </View>
    </View>
  </RCTScrollView>
  <View
    style={
      Object {
        "alignItems": "center",
        "flexDirection": "row",
        "flexGrow": 1,
        "justifyContent": "center",
        "marginVertical": 5,
      }
    }
  >
    <View
      accessible={true}
      collapsable={false}
      focusable={true}
      onClick={[Function]}
      onResponderGrant={[Function]}
      onResponderMove={[Function]}
      onResponderRelease={[Function]}
      onResponderTerminate={[Function]}
      onResponderTerminationRequest={[Function]}
      onStartShouldSetResponder={[Function]}
      style={
        Object {
          "alignItems": "center",
          "backgroundColor": "rgb(0, 122, 255)",
          "borderColor": "rgb(28, 28, 30)",
          "borderRadius": 10,
          "borderWidth": 2,
          "justifyContent": "center",
          "maxWidth": "90%",
          "minHeight": 48,
          "minWidth": "30%",
          "opacity": 1,
          "padding": 0,
          "paddingLeft": 20,
          "paddingRight": 20,
        }
      }
      testID="settings.button.save"
    >
      <View
        style={
          Object {
            "alignItems": "center",
            "display": "flex",
            "flexDirection": "row",
            "justifyContent": "center",
            "margin": 0,
            "minHeight": 48,
            "minWidth": 48,
            "padding": 0,
          }
        }
      >
        <Text
          style={
            Object {
              "color": "rgb(242, 242, 242)",
              "fontSize": 16,
              "fontWeight": "bold",
              "textAlign": "center",
              "textTransform": "uppercase",
            }
          }
        >
          text translated
        </Text>
      </View>
    </View>
    <View
      accessible={true}
      collapsable={false}
      focusable={true}
      onClick={[Function]}
      onResponderGrant={[Function]}
      onResponderMove={[Function]}
      onResponderRelease={[Function]}
      onResponderTerminate={[Function]}
      onResponderTerminationRequest={[Function]}
      onStartShouldSetResponder={[Function]}
      style={
        Object {
          "alignItems": "center",
          "backgroundColor": "rgb(242, 242, 242)",
          "borderColor": "rgb(0, 122, 255)",
          "borderRadius": 10,
          "borderWidth": 2,
          "justifyContent": "center",
          "marginLeft": 10,
          "maxWidth": "90%",
          "minHeight": 48,
          "minWidth": "30%",
          "opacity": 1,
          "padding": 0,
          "paddingLeft": 20,
          "paddingRight": 20,
        }
      }
    >
      <View
        style={
          Object {
            "alignItems": "center",
            "display": "flex",
            "flexDirection": "row",
            "justifyContent": "center",
            "margin": 0,
            "minHeight": 48,
            "minWidth": 48,
            "padding": 0,
          }
        }
      >
        <Text
          style={
            Object {
              "color": "rgb(0, 122, 255)",
              "fontSize": 16,
              "fontWeight": "bold",
              "textAlign": "center",
              "textTransform": "uppercase",
            }
          }
        >
          text translated
        </Text>
      </View>
    </View>
  </View>
</RCTSafeAreaView>
`;
