// Jest Snapshot v1, https://goo.gl/fbAQLP

exports[`Component ShowUfvk - test ShowUfvk - snapshot 1`] = `
<RCTSafeAreaView
  style={
    Object {
      "alignItems": "stretch",
      "backgroundColor": "rgb(242, 242, 242)",
      "display": "flex",
      "height": "100%",
      "justifyContent": "flex-start",
    }
  }
>
  <View
    style={
      Object {
        "alignItems": "center",
        "backgroundColor": "rgb(255, 255, 255)",
        "display": "flex",
        "paddingBottom": 0,
        "paddingTop": 10,
        "zIndex": -1,
      }
    }
    testID="header"
  >
    <View
      style={
        Object {
          "alignItems": "center",
          "display": "flex",
          "flexDirection": "row",
          "flexWrap": "wrap",
          "height": 40,
          "justifyContent": "center",
          "marginHorizontal": 5,
          "marginTop": 12,
        }
      }
    />
    <View
      style={
        Object {
          "height": 20,
        }
      }
    />
    <View
      style={
        Object {
          "alignItems": "center",
          "display": "flex",
          "flexDirection": "column",
          "flexWrap": "wrap",
          "justifyContent": "center",
        }
      }
    >
      <Text
        style={
          Object {
            "color": "rgb(28, 28, 30)",
            "fontSize": 18,
            "fontWeight": "600",
            "opacity": 1,
            "paddingHorizontal": 5,
          }
        }
      >
        text translated (text translated)
      </Text>
    </View>
    <View
      style={
        Object {
          "alignItems": "flex-start",
          "left": 0,
          "padding": 11.5,
          "position": "absolute",
        }
      }
    >
      <View
        style={
          Object {
            "alignItems": "center",
            "flexDirection": "row",
          }
        }
      />
    </View>
    <View
      style={
        Object {
          "alignItems": "flex-end",
          "padding": 15,
          "position": "absolute",
          "right": 0,
        }
      }
    >
      <Image
        source={
          Object {
            "testUri": "../../../assets/img/logobig-zingo.png",
          }
        }
        style={
          Object {
            "borderRadius": 10,
            "height": 38,
            "resizeMode": "contain",
            "width": 38,
          }
        }
      />
    </View>
    <View
      style={
        Object {
          "backgroundColor": "rgb(0, 122, 255)",
          "height": 1,
          "width": "100%",
        }
      }
    />
  </View>
  <View
    style={
      Object {
        "backgroundColor": "rgb(0, 122, 255)",
        "height": 1,
        "width": "100%",
      }
    }
  />
  <RCTScrollView
    contentContainerStyle={
      Object {
        "alignItems": "stretch",
        "flexDirection": "column",
        "justifyContent": "flex-start",
      }
    }
    style={
      Object {
        "maxHeight": "85%",
      }
    }
  >
    <View>
      <Text
        style={
          Object {
            "color": "rgb(28, 28, 30)",
            "marginTop": 0,
            "opacity": 0.65,
            "padding": 20,
            "textAlign": "center",
          }
        }
      >
        text translated
      </Text>
      <View
        style={
          Object {
            "alignItems": "center",
            "display": "flex",
            "flexDirection": "column",
            "marginTop": 0,
          }
        }
      >
        <View
          style={
            Object {
              "flexDirection": "column",
            }
          }
        >
          <RCTScrollView
            contentContainerStyle={
              Array [
                Object {
                  "alignItems": "center",
                },
              ]
            }
          >
            <View>
              <View
                style={
                  Object {
                    "backgroundColor": "rgb(216, 216, 216)",
                    "marginHorizontal": 20,
                    "marginTop": 20,
                    "padding": 10,
                  }
                }
              >
                <View
                  accessible={true}
                  collapsable={false}
                  focusable={true}
                  onClick={[Function]}
                  onResponderGrant={[Function]}
                  onResponderMove={[Function]}
                  onResponderRelease={[Function]}
                  onResponderTerminate={[Function]}
                  onResponderTerminationRequest={[Function]}
                  onStartShouldSetResponder={[Function]}
                  style={
                    Object {
                      "opacity": 1,
                    }
                  }
                >
                  <mockQRCode />
                </View>
              </View>
              <View
                style={
                  Object {
                    "alignItems": "center",
                    "flexDirection": "row",
                    "justifyContent": "space-evenly",
                    "marginVertical": 0,
                    "width": "100%",
                  }
                }
              >
                <View
                  style={
                    Object {
                      "alignItems": "center",
                      "justifyContent": "center",
                      "width": 150,
                    }
                  }
                >
                  <View
                    accessible={true}
                    collapsable={false}
                    focusable={true}
                    onClick={[Function]}
                    onResponderGrant={[Function]}
                    onResponderMove={[Function]}
                    onResponderRelease={[Function]}
                    onResponderTerminate={[Function]}
                    onResponderTerminationRequest={[Function]}
                    onStartShouldSetResponder={[Function]}
                    style={
                      Object {
                        "opacity": 1,
                      }
                    }
                  >
                    <Text
                      style={
                        Object {
                          "color": "rgb(28, 28, 30)",
                          "marginTop": 15,
                          "minHeight": 48,
                          "textDecorationLine": "underline",
                        }
                      }
                    >
                      text translated
                    </Text>
                  </View>
                </View>
              </View>
              <View
                accessible={true}
                collapsable={false}
                focusable={true}
                onClick={[Function]}
                onResponderGrant={[Function]}
                onResponderMove={[Function]}
                onResponderRelease={[Function]}
                onResponderTerminate={[Function]}
                onResponderTerminationRequest={[Function]}
                onStartShouldSetResponder={[Function]}
                style={
                  Object {
                    "opacity": 1,
                  }
                }
              >
                <View
                  style={
                    Object {
                      "display": "flex",
                      "flexDirection": "row",
                      "flexWrap": "wrap",
                      "justifyContent": "center",
                      "marginBottom": 30,
                    }
                  }
                >
                  <Text
                    style={
                      Object {
                        "color": "rgb(28, 28, 30)",
                        "flexBasis": "100%",
                        "fontFamily": "verdana",
                        "fontSize": 16,
                        "opacity": 0.65,
                        "textAlign": "center",
                      }
                    }
                  >
                    uview12345678901234567890123
                  </Text>
                  <Text
                    style={
                      Object {
                        "color": "rgb(28, 28, 30)",
                        "flexBasis": "100%",
                        "fontFamily": "verdana",
                        "fontSize": 16,
                        "opacity": 0.65,
                        "textAlign": "center",
                      }
                    }
                  >
                    4567890123456789012345678901
                  </Text>
                  <Text
                    style={
                      Object {
                        "color": "rgb(28, 28, 30)",
                        "flexBasis": "100%",
                        "fontFamily": "verdana",
                        "fontSize": 16,
                        "opacity": 0.65,
                        "textAlign": "center",
                      }
                    }
                  >
                    2345678901234567890123456789
                  </Text>
                  <Text
                    style={
                      Object {
                        "color": "rgb(28, 28, 30)",
                        "flexBasis": "100%",
                        "fontFamily": "verdana",
                        "fontSize": 16,
                        "opacity": 0.65,
                        "textAlign": "center",
                      }
                    }
                  >
                    0123456789012345678901234567
                  </Text>
                  <Text
                    style={
                      Object {
                        "color": "rgb(28, 28, 30)",
                        "flexBasis": "100%",
                        "fontFamily": "verdana",
                        "fontSize": 16,
                        "opacity": 0.65,
                        "textAlign": "center",
                      }
                    }
                  >
                    8901234567890123456789012345
                  </Text>
                  <Text
                    style={
                      Object {
                        "color": "rgb(28, 28, 30)",
                        "flexBasis": "100%",
                        "fontFamily": "verdana",
                        "fontSize": 16,
                        "opacity": 0.65,
                        "textAlign": "center",
                      }
                    }
                  >
                    6789012345678901234567890
                  </Text>
                </View>
              </View>
            </View>
          </RCTScrollView>
        </View>
      </View>
      <View
        style={
          Object {
            "marginBottom": 30,
          }
        }
      />
    </View>
  </RCTScrollView>
  <View
    style={
      Object {
        "alignItems": "center",
        "flexDirection": "row",
        "flexGrow": 1,
        "justifyContent": "center",
        "marginVertical": 5,
      }
    }
  >
    <View
      accessible={true}
      collapsable={false}
      focusable={true}
      onClick={[Function]}
      onResponderGrant={[Function]}
      onResponderMove={[Function]}
      onResponderRelease={[Function]}
      onResponderTerminate={[Function]}
      onResponderTerminationRequest={[Function]}
      onStartShouldSetResponder={[Function]}
      style={
        Object {
          "alignItems": "center",
          "backgroundColor": "rgb(242, 242, 242)",
          "borderColor": "rgb(0, 122, 255)",
          "borderRadius": 10,
          "borderWidth": 2,
          "justifyContent": "center",
          "maxWidth": "90%",
          "minHeight": 48,
          "minWidth": "30%",
          "opacity": 1,
          "padding": 0,
          "paddingLeft": 20,
          "paddingRight": 20,
        }
      }
    >
      <View
        style={
          Object {
            "alignItems": "center",
            "display": "flex",
            "flexDirection": "row",
            "justifyContent": "center",
            "margin": 0,
            "minHeight": 48,
            "minWidth": 48,
            "padding": 0,
          }
        }
      >
        <Text
          style={
            Object {
              "color": "rgb(0, 122, 255)",
              "fontSize": 16,
              "fontWeight": "bold",
              "textAlign": "center",
              "textTransform": "uppercase",
            }
          }
        >
          text translated
        </Text>
      </View>
    </View>
  </View>
</RCTSafeAreaView>
`;
