// Jest Snapshot v1, https://goo.gl/fbAQLP

exports[`Component SingleAddress - test SingleAddress - snapshot 1`] = `
<View
  style={
    {
      "flexDirection": "column",
    }
  }
>
  <RCTScrollView
    contentContainerStyle={
      [
        {
          "alignItems": "center",
        },
      ]
    }
  >
    <View>
      <View
        style={
          {
            "backgroundColor": "rgb(216, 216, 216)",
            "marginHorizontal": 20,
            "marginTop": 20,
            "padding": 10,
          }
        }
      >
        <View
          accessibilityState={
            {
              "busy": undefined,
              "checked": undefined,
              "disabled": undefined,
              "expanded": undefined,
              "selected": undefined,
            }
          }
          accessibilityValue={
            {
              "max": undefined,
              "min": undefined,
              "now": undefined,
              "text": undefined,
            }
          }
          accessible={true}
          collapsable={false}
          focusable={true}
          onClick={[Function]}
          onResponderGrant={[Function]}
          onResponderMove={[Function]}
          onResponderRelease={[Function]}
          onResponderTerminate={[Function]}
          onResponderTerminationRequest={[Function]}
          onStartShouldSetResponder={[Function]}
          style={
            {
              "opacity": 1,
            }
          }
        >
          <mockQRCode />
        </View>
      </View>
      <View
        style={
          {
            "alignItems": "center",
            "flexDirection": "row",
            "justifyContent": "space-evenly",
            "marginVertical": 0,
            "width": "100%",
          }
        }
      >
        <View
          style={
            {
              "alignItems": "center",
              "justifyContent": "center",
              "width": 150,
            }
          }
        >
          <View
            accessibilityState={
              {
                "busy": undefined,
                "checked": undefined,
                "disabled": undefined,
                "expanded": undefined,
                "selected": undefined,
              }
            }
            accessibilityValue={
              {
                "max": undefined,
                "min": undefined,
                "now": undefined,
                "text": undefined,
              }
            }
            accessible={true}
            collapsable={false}
            focusable={true}
            onClick={[Function]}
            onResponderGrant={[Function]}
            onResponderMove={[Function]}
            onResponderRelease={[Function]}
            onResponderTerminate={[Function]}
            onResponderTerminationRequest={[Function]}
            onStartShouldSetResponder={[Function]}
            style={
              {
                "opacity": 1,
              }
            }
          >
            <Text
              style={
                {
                  "color": "rgb(28, 28, 30)",
                  "marginTop": 15,
                  "minHeight": 48,
                  "textDecorationLine": "underline",
                }
              }
            />
          </View>
        </View>
      </View>
      <View
        accessibilityState={
          {
            "busy": undefined,
            "checked": undefined,
            "disabled": undefined,
            "expanded": undefined,
            "selected": undefined,
          }
        }
        accessibilityValue={
          {
            "max": undefined,
            "min": undefined,
            "now": undefined,
            "text": undefined,
          }
        }
        accessible={true}
        collapsable={false}
        focusable={true}
        onClick={[Function]}
        onResponderGrant={[Function]}
        onResponderMove={[Function]}
        onResponderRelease={[Function]}
        onResponderTerminate={[Function]}
        onResponderTerminationRequest={[Function]}
        onStartShouldSetResponder={[Function]}
        style={
          {
            "opacity": 1,
          }
        }
      >
        <View
          style={
            {
              "display": "flex",
              "flexDirection": "row",
              "flexWrap": "wrap",
              "justifyContent": "center",
              "marginBottom": 30,
            }
          }
        >
          <Text
            style={
              {
                "color": "rgb(28, 28, 30)",
                "flexBasis": "100%",
                "fontFamily": "verdana",
                "fontSize": 16,
                "opacity": 0.65,
                "textAlign": "center",
              }
            }
          >
            hvkausdfskidjlfs
          </Text>
        </View>
      </View>
    </View>
  </RCTScrollView>
</View>
`;
