// Jest Snapshot v1, https://goo.gl/fbAQLP

exports[`Component SyncReport - test Matches the snapshot SyncReport 1`] = `
<RCTSafeAreaView
  style={
    {
      "alignItems": "stretch",
      "backgroundColor": "rgb(242, 242, 242)",
      "display": "flex",
      "height": "100%",
      "justifyContent": "flex-start",
    }
  }
>
  <View
    style={
      {
        "alignItems": "center",
        "backgroundColor": "rgb(255, 255, 255)",
        "display": "flex",
        "padding": 10,
      }
    }
  >
    <Image
      source={
        {
          "testUri": "../../../assets/img/logobig-zingo.png",
        }
      }
      style={
        {
          "height": 80,
          "resizeMode": "contain",
          "width": 80,
        }
      }
    />
    <Text
      style={
        {
          "color": "rgb(28, 28, 30)",
          "fontSize": 18,
          "fontWeight": "600",
          "marginTop": 5,
          "opacity": 1,
          "padding": 5,
        }
      }
    >
      translated text
    </Text>
    <View
      style={
        {
          "backgroundColor": "rgb(0, 122, 255)",
          "height": 1,
          "width": "100%",
        }
      }
    />
  </View>
  <RCTScrollView
    contentContainerStyle={
      {
        "alignItems": "stretch",
        "flexDirection": "column",
        "justifyContent": "flex-start",
      }
    }
    style={
      {
        "maxHeight": "85%",
      }
    }
  >
    <View>
      <View
        style={
          {
            "display": "flex",
            "margin": 20,
            "marginBottom": 30,
          }
        }
      >
        <View
          style={
            {
              "display": "flex",
              "marginTop": 20,
            }
          }
        >
          <Text
            style={
              {
                "color": "rgb(28, 28, 30)",
                "opacity": 0.65,
              }
            }
          >
            Sync ID
          </Text>
          <Text
            style={
              {
                "color": "rgb(28, 28, 30)",
                "fontSize": 18,
                "fontWeight": "600",
                "opacity": 1,
              }
            }
          >
            1 - (translated text)
          </Text>
        </View>
        <View
          style={
            {
              "backgroundColor": "white",
              "height": 2,
              "marginBottom": 10,
              "marginTop": 15,
              "width": "100%",
            }
          }
        />
        <View
          style={
            {
              "display": "flex",
              "flexDirection": "row",
              "justifyContent": "space-between",
              "marginTop": 10,
              "width": "100%",
            }
          }
        >
          <Text
            style={
              {
                "color": "rgb(0, 122, 255)",
              }
            }
          >
            0
          </Text>
          <Text
            style={
              {
                "color": "rgb(0, 122, 255)",
              }
            }
          >
            500K
          </Text>
          <Text
            style={
              {
                "color": "rgb(0, 122, 255)",
              }
            }
          >
            1M
          </Text>
          <Text
            style={
              {
                "color": "rgb(0, 122, 255)",
              }
            }
          >
            1.5M
          </Text>
          <Text
            style={
              {
                "color": "rgb(0, 122, 255)",
              }
            }
          >
            2M
          </Text>
        </View>
        <View
          style={
            {
              "display": "flex",
              "flexDirection": "row",
              "width": "100%",
            }
          }
        >
          <View
            style={
              {
                "borderLeftColor": "rgb(0, 122, 255)",
                "borderLeftWidth": 1,
                "borderRightColor": "rgb(0, 122, 255)",
                "borderRightWidth": 1,
                "height": 10,
                "width": "25%",
              }
            }
          />
          <View
            style={
              {
                "borderLeftColor": "rgb(0, 122, 255)",
                "borderLeftWidth": 1,
                "borderRightColor": "rgb(0, 122, 255)",
                "borderRightWidth": 1,
                "height": 10,
                "width": "25%",
              }
            }
          />
          <View
            style={
              {
                "borderLeftColor": "rgb(0, 122, 255)",
                "borderLeftWidth": 1,
                "borderRightColor": "rgb(0, 122, 255)",
                "borderRightWidth": 1,
                "height": 10,
                "width": "25%",
              }
            }
          />
          <View
            style={
              {
                "borderLeftColor": "rgb(0, 122, 255)",
                "borderLeftWidth": 1,
                "borderRightColor": "rgb(0, 122, 255)",
                "borderRightWidth": 1,
                "height": 10,
                "width": "25%",
              }
            }
          />
        </View>
        <View
          style={
            {
              "borderBottomColor": "rgb(0, 122, 255)",
              "borderBottomWidth": 2,
              "display": "flex",
              "flexDirection": "row",
              "justifyContent": "flex-start",
              "marginBottom": 0,
              "width": "100%",
            }
          }
        >
          <View
            style={
              {
                "backgroundColor": "blue",
                "borderLeftColor": "rgb(0, 122, 255)",
                "borderLeftWidth": 1,
                "borderRightColor": "blue",
                "borderRightWidth": 1,
                "height": 10,
                "width": "75.00505%",
              }
            }
          />
          <View
            style={
              {
                "backgroundColor": "yellow",
                "borderBottomColor": "blue",
                "borderBottomWidth": 5,
                "borderRightColor": "yellow",
                "borderRightWidth": 1,
                "height": 10,
                "width": "19.99995%",
              }
            }
          />
          <View
            style={
              {
                "backgroundColor": "transparent",
                "borderRightColor": "rgb(0, 122, 255)",
                "borderRightWidth": 1,
                "height": 10,
                "width": "4.995%",
              }
            }
          />
        </View>
        <View
          style={
            {
              "alignItems": "center",
              "display": "flex",
              "flexDirection": "row",
              "justifyContent": "flex-start",
              "marginTop": 5,
              "width": "100%",
            }
          }
        >
          <Text
            style={
              {
                "color": "rgb(0, 122, 255)",
              }
            }
          >
            translated text
          </Text>
          <View
            style={
              {
                "backgroundColor": "blue",
                "display": "flex",
                "flexDirection": "row",
                "height": 10,
                "justifyContent": "flex-start",
                "margin": 5,
                "width": 10,
              }
            }
          />
          <Text
            style={
              {
                "color": "rgb(28, 28, 30)",
              }
            }
          >
            1900100translated text
          </Text>
        </View>
        <View
          style={
            {
              "alignItems": "center",
              "display": "flex",
              "flexDirection": "row",
              "justifyContent": "flex-start",
              "marginTop": 5,
              "width": "100%",
            }
          }
        >
          <Text
            style={
              {
                "color": "rgb(0, 122, 255)",
              }
            }
          >
            translated text
          </Text>
          <View
            style={
              {
                "backgroundColor": "yellow",
                "display": "flex",
                "flexDirection": "row",
                "height": 10,
                "justifyContent": "flex-start",
                "margin": 5,
                "width": 10,
              }
            }
          />
          <Text
            style={
              {
                "color": "rgb(28, 28, 30)",
              }
            }
          >
            399999translated text
          </Text>
        </View>
        <View
          style={
            {
              "backgroundColor": "white",
              "height": 1,
              "marginBottom": 10,
              "marginTop": 15,
              "width": "100%",
            }
          }
        />
        <View
          style={
            {
              "display": "flex",
              "flexDirection": "row",
              "justifyContent": "space-between",
              "marginTop": 10,
              "width": "100%",
            }
          }
        >
          <Text
            style={
              {
                "color": "rgb(0, 122, 255)",
              }
            }
          >
            1500101
          </Text>
          <Text
            style={
              {
                "color": "rgb(0, 122, 255)",
              }
            }
          >
            1900100
          </Text>
        </View>
        <View
          style={
            {
              "display": "flex",
              "flexDirection": "row",
              "justifyContent": "space-between",
              "width": "100%",
            }
          }
        >
          <View
            style={
              {
                "borderLeftColor": "rgb(0, 122, 255)",
                "borderLeftWidth": 1,
                "height": 10,
              }
            }
          />
          <View
            style={
              {
                "borderRightColor": "rgb(0, 122, 255)",
                "borderRightWidth": 1,
                "height": 10,
              }
            }
          />
        </View>
        <View
          style={
            {
              "borderBottomColor": "rgb(0, 122, 255)",
              "borderBottomWidth": 2,
              "display": "flex",
              "flexDirection": "row",
              "justifyContent": "flex-start",
              "marginBottom": 0,
              "width": "100%",
            }
          }
        >
          <View
            style={
              {
                "backgroundColor": "lightyellow",
                "borderLeftColor": "rgb(0, 122, 255)",
                "borderLeftWidth": 1,
                "borderRightColor": "lightyellow",
                "borderRightWidth": 1,
                "height": 10,
                "width": "24.99981249953125%",
              }
            }
          />
          <View
            style={
              {
                "backgroundColor": "orange",
                "borderRightColor": "orange",
                "borderRightWidth": 1,
                "height": 10,
                "width": "50.0001250003125%",
              }
            }
          />
          <View
            style={
              {
                "backgroundColor": "#333333",
                "borderRightColor": "rgb(0, 122, 255)",
                "borderRightWidth": 1,
                "height": 10,
                "width": "25.00006250015625%",
              }
            }
          />
        </View>
        <View
          style={
            {
              "alignItems": "center",
              "display": "flex",
              "flexDirection": "row",
              "justifyContent": "flex-start",
              "marginTop": 5,
              "width": "100%",
            }
          }
        >
          <Text
            style={
              {
                "color": "rgb(0, 122, 255)",
              }
            }
          >
            translated text
          </Text>
          <View
            style={
              {
                "backgroundColor": "lightyellow",
                "display": "flex",
                "flexDirection": "row",
                "height": 10,
                "justifyContent": "flex-start",
                "margin": 5,
                "width": 10,
              }
            }
          />
          <Text
            style={
              {
                "color": "rgb(28, 28, 30)",
              }
            }
          >
            99999translated text25.00%
          </Text>
        </View>
        <View
          style={
            {
              "alignItems": "center",
              "display": "flex",
              "flexDirection": "row",
              "justifyContent": "flex-start",
              "marginTop": 5,
              "width": "100%",
            }
          }
        >
          <Text
            style={
              {
                "color": "rgb(0, 122, 255)",
              }
            }
          >
            translated text
          </Text>
          <View
            style={
              {
                "backgroundColor": "orange",
                "display": "flex",
                "flexDirection": "row",
                "height": 10,
                "justifyContent": "flex-start",
                "margin": 5,
                "width": 10,
              }
            }
          />
          <Text
            style={
              {
                "color": "rgb(28, 28, 30)",
              }
            }
          >
            200000translated text50.00%
          </Text>
        </View>
        <View
          style={
            {
              "alignItems": "center",
              "display": "flex",
              "flexDirection": "row",
              "justifyContent": "flex-start",
              "marginTop": 5,
              "width": "100%",
            }
          }
        >
          <Text
            style={
              {
                "color": "rgb(0, 122, 255)",
              }
            }
          >
            translated text
          </Text>
          <View
            style={
              {
                "backgroundColor": "#333333",
                "display": "flex",
                "flexDirection": "row",
                "height": 10,
                "justifyContent": "flex-start",
                "margin": 5,
                "width": 10,
              }
            }
          />
          <Text
            style={
              {
                "color": "rgb(28, 28, 30)",
              }
            }
          >
            100000translated text25.00%
          </Text>
        </View>
        <View
          style={
            {
              "backgroundColor": "white",
              "height": 2,
              "marginTop": 15,
              "width": "100%",
            }
          }
        />
        <View
          style={
            {
              "display": "flex",
              "marginTop": 20,
            }
          }
        >
          <Text
            style={
              {
                "color": "rgb(28, 28, 30)",
                "opacity": 0.65,
              }
            }
          >
            translated text
          </Text>
          <Text
            style={
              {
                "color": "rgb(28, 28, 30)",
                "fontSize": 18,
                "fontWeight": "600",
                "opacity": 1,
              }
            }
          >
            translated text5translated text50
          </Text>
        </View>
        <View
          style={
            {
              "display": "flex",
              "marginTop": 20,
            }
          }
        >
          <Text
            style={
              {
                "color": "rgb(28, 28, 30)",
                "opacity": 0.65,
              }
            }
          >
            translated text
          </Text>
          <Text
            style={
              {
                "color": "rgb(28, 28, 30)",
                "fontSize": 18,
                "fontWeight": "600",
                "opacity": 1,
              }
            }
          >
            100
          </Text>
        </View>
        <View
          style={
            {
              "display": "flex",
              "marginTop": 20,
            }
          }
        >
          <Text
            style={
              {
                "color": "rgb(28, 28, 30)",
                "opacity": 0.65,
              }
            }
          >
            translated text
          </Text>
          <Text
            style={
              {
                "color": "rgb(28, 28, 30)",
                "fontSize": 18,
                "fontWeight": "600",
                "opacity": 1,
              }
            }
          >
            122
          </Text>
        </View>
        <View
          style={
            {
              "backgroundColor": "rgb(0, 122, 255)",
              "height": 2,
              "marginTop": 10,
              "width": "100%",
            }
          }
        />
        <View
          style={
            {
              "display": "flex",
              "marginTop": 20,
            }
          }
        >
          <Text
            style={
              {
                "color": "rgb(28, 28, 30)",
                "opacity": 0.65,
              }
            }
          >
            translated text
          </Text>
          <Text
            style={
              {
                "color": "rgb(28, 28, 30)",
                "fontSize": 18,
                "fontWeight": "600",
                "opacity": 1,
              }
            }
          >
            translated text1800100translated text1900100
          </Text>
        </View>
      </View>
    </View>
  </RCTScrollView>
  <View
    style={
      {
        "alignItems": "center",
        "flexDirection": "row",
        "flexGrow": 1,
        "justifyContent": "center",
        "marginVertical": 5,
      }
    }
  >
    <View
      accessible={true}
      collapsable={false}
      focusable={true}
      onClick={[Function]}
      onResponderGrant={[Function]}
      onResponderMove={[Function]}
      onResponderRelease={[Function]}
      onResponderTerminate={[Function]}
      onResponderTerminationRequest={[Function]}
      onStartShouldSetResponder={[Function]}
      style={
        {
          "alignItems": "center",
          "borderColor": "rgb(0, 122, 255)",
          "borderRadius": 10,
          "borderWidth": 2,
          "justifyContent": "center",
          "maxWidth": "90%",
          "minHeight": 48,
          "minWidth": "30%",
          "opacity": 1,
          "padding": 0,
          "paddingLeft": 20,
          "paddingRight": 20,
        }
      }
    >
      <View
        style={
          {
            "alignItems": "center",
            "display": "flex",
            "flexDirection": "row",
            "justifyContent": "center",
            "margin": 0,
            "minHeight": 48,
            "minWidth": 48,
            "padding": 0,
          }
        }
      >
        <Text
          style={
            {
              "color": "rgb(0, 122, 255)",
              "fontSize": 16,
              "fontWeight": "bold",
              "textTransform": "uppercase",
            }
          }
        >
          translated text
        </Text>
      </View>
    </View>
  </View>
</RCTSafeAreaView>
`;
